// Jest Snapshot v1, https://goo.gl/fbAQLP

exports[`Footer Snapshot Check component UI 1`] = `
<div
  className="Footer class"
>
  <p
    className="Footer-title"
  >
    Platzi Store
  </p>
  <p
    className="Footer-copy"
  >
    Todos los Derechos Reservados
  </p>
</div>
`;
